﻿
> latest@0.0.0 build
> vite build

[36mvite v5.4.21 [32mbuilding for production...[36m[39m
transforming...
[32mΓ£ô[39m 1092 modules transformed.
node.exe : [31mx[39m Build 
failed in 2.91s
At C:\Program 
Files\nodejs\npm.ps1:29 
char:3
+   & $NODE_EXE $NPM_CLI_JS 
$args
+   
~~~~~~~~~~~~~~~~~~~~~~~~~~~~~
    + CategoryInfo           
   : NotSpecified: ([31mx  
  [39m Build failed in 2.9   
 1s:String) [], RemoteExc    
eption
    + FullyQualifiedErrorId  
   : NativeCommandError
 
[31merror during build:
[31msrc/VendorUpload.jsx 
(6:2): "vendorFilterTags" is 
not exported by "src/data/tra
velStoreData.js", imported 
by 
"src/VendorUpload.jsx".[31m
file: [36mD:/TN/latest/src/V
endorUpload.jsx:6:2[31m
[33m
4:   vendorCategories,
5:   vendorPlaces,
6:   vendorFilterTags,
     ^
7: } from 
"./data/travelStoreData";
[31m
    at getRollupError (file:/
//D:/TN/latest/node_modules/r
ollup/dist/es/shared/parseAst
.js:401:41)
    at error (file:///D:/TN/l
atest/node_modules/rollup/dis
t/es/shared/parseAst.js:397:4
2)
    at Module.error (file:///
D:/TN/latest/node_modules/rol
lup/dist/es/shared/node-entry
.js:16920:16)
    at Module.traceVariable (
file:///D:/TN/latest/node_mod
ules/rollup/dist/es/shared/no
de-entry.js:17372:29)
    at 
ModuleScope.findVariable (fil
e:///D:/TN/latest/node_module
s/rollup/dist/es/shared/node-
entry.js:15042:39)
    at 
FunctionScope.findVariable (f
ile:///D:/TN/latest/node_modu
les/rollup/dist/es/shared/nod
e-entry.js:5629:38)
    at FunctionBodyScope.find
Variable (file:///D:/TN/lates
t/node_modules/rollup/dist/es
/shared/node-entry.js:5629:38
)
    at MemberExpression.bind 
(file:///D:/TN/latest/node_mo
dules/rollup/dist/es/shared/n
ode-entry.js:7336:49)
    at CallExpression.bind (f
ile:///D:/TN/latest/node_modu
les/rollup/dist/es/shared/nod
e-entry.js:2791:23)
    at CallExpression.bind (f
ile:///D:/TN/latest/node_modu
les/rollup/dist/es/shared/nod
e-entry.js:12068:15)[39m
